File "test-case.md", line 3, character 100: invalid code block: cannot mix both block labels syntax
