File "test-case.md", line 3, character 36: invalid code block: `part` is not supported for non-OCaml code blocks.
